// Jest Snapshot v1, https://goo.gl/fbAQLP

exports[`VerifiableCredential build rejects with an error if credentialSubject has not been set 1`] = `"credentialSubject must be set before calling build()"`;

exports[`VerifiableCredential build rejects with an error if issuer has not been set 1`] = `"issuer must be set before calling build()"`;

exports[`VerifiableCredential build rejects with an error if signer has not been set 1`] = `"signer must be set before calling build()"`;

exports[`VerifiableCredential build rejects with an error if subject has not been set 1`] = `"subject must be set before calling build()"`;
